../Core/Src/boot.c:3:6:JUMP_To_AppA	24	static,ignoring_inline_asm
../Core/Src/boot.c:16:6:JUMP_To_AppB	24	static,ignoring_inline_asm
../Core/Src/boot.c:30:27:BOOTLOADER_SetActiveBank	96	static
../Core/Src/boot.c:79:27:BOOTLOADER_PendingFlag	96	static
../Core/Src/boot.c:129:27:BOOTLOADER_EraseCurrentFirmware	40	static
../Core/Src/boot.c:165:27:BOOTLOADER_ReceiveInfoFrame	240	static
../Core/Src/boot.c:256:27:BOOTLOADER_VerifyFirmware	40	static
../Core/Src/boot.c:306:27:BOOTLOADER_ReceiveFirmware	208	static
../Core/Src/boot.c:402:6:BOOTLOADER_WaitCmd	16	static
../Core/Src/boot.c:451:6:JUMP_To_Boot	8	static
../Core/Src/boot.c:460:6:BOOTLOADER_Init	24	static
